0;0;0;0;0;0;0;0;0;0;0;0;0;0;0;0;0;0;0;0;0;0;0;0;0;0;0;0;0;0;0;0;0;2;4;8;16;32;64;128;256;512;1024;2048;4096;8192;16384;32768;65536;131072;262144;524288;1048576;2097152;4194304;8388608;16777216;33554432;67108864;134217728;268435456;536870912;1073741824;2147483648;4294967296;8589934592;5;10;20;40;80;160;320;640;1280;2560;5120;10240;20480;40960;81920;163840;327680;655360;1310720;2621440;5242880;10485760;20971520;41943040;83886080;167772160;335544320;671088640;1342177280;2684354560;5368709120;10737418240;21474836480;9;18;36;72;144;288;576;1152;2304;4608;9216;18432;36864;73728;147456;294912;589824;1179648;2359296;4718592;9437184;18874368;37748736;75497472;150994944;301989888;603979776;1207959552;2415919104;4831838208;9663676416;19327352832;38654705664;14;28;56;112;224;448;896;1792;3584;7168;14336;28672;57344;114688;229376;458752;917504;1835008;3670016;7340032;14680064;29360128;58720256;117440512;234881024;469762048;939524096;1879048192;3758096384;7516192768;15032385536;30064771072;60129542144;20;40;80;160;320;640;1280;2560;5120;10240;20480;40960;81920;163840;327680;655360;1310720;2621440;5242880;10485760;20971520;41943040;83886080;167772160;335544320;671088640;1342177280;2684354560;5368709120;10737418240;21474836480;42949672960;85899345920;27;54;108;216;432;864;1728;3456;6912;13824;27648;55296;110592;221184;442368;884736;1769472;3538944;7077888;14155776;28311552;56623104;113246208;226492416;452984832;905969664;1811939328;3623878656;7247757312;14495514624;28991029248;57982058496;115964116992;35;70;140;280;560;1120;2240;4480;8960;17920;35840;71680;143360;286720;573440;1146880;2293760;4587520;9175040;18350080;36700160;73400320;146800640;293601280;587202560;1174405120;2348810240;4697620480;9395240960;18790481920;37580963840;75161927680;150323855360;44;88;176;352;704;1408;2816;5632;11264;22528;45056;90112;180224;360448;720896;1441792;2883584;5767168;11534336;23068672;46137344;92274688;184549376;369098752;738197504;1476395008;2952790016;5905580032;11811160064;23622320128;47244640256;94489280512;188978561024;54;108;216;432;864;1728;3456;6912;13824;27648;55296;110592;221184;442368;884736;1769472;3538944;7077888;14155776;28311552;56623104;113246208;226492416;452984832;905969664;1811939328;3623878656;7247757312;14495514624;28991029248;57982058496;115964116992;231928233984;65;130;260;520;1040;2080;4160;8320;16640;33280;66560;133120;266240;532480;1064960;2129920;4259840;8519680;17039360;34078720;68157440;136314880;272629760;545259520;1090519040;2181038080;4362076160;8724152320;17448304640;34896609280;69793218560;139586437120;279172874240;77;154;308;616;1232;2464;4928;9856;19712;39424;78848;157696;315392;630784;1261568;2523136;5046272;10092544;20185088;40370176;80740352;161480704;322961408;645922816;1291845632;2583691264;5167382528;10334765056;20669530112;41339060224;82678120448;165356240896;330712481792;90;180;360;720;1440;2880;5760;11520;23040;46080;92160;184320;368640;737280;1474560;2949120;5898240;11796480;23592960;47185920;94371840;188743680;377487360;754974720;1509949440;3019898880;6039797760;12079595520;24159191040;48318382080;96636764160;193273528320;386547056640;104;208;416;832;1664;3328;6656;13312;26624;53248;106496;212992;425984;851968;1703936;3407872;6815744;13631488;27262976;54525952;109051904;218103808;436207616;872415232;1744830464;3489660928;6979321856;13958643712;27917287424;55834574848;111669149696;223338299392;446676598784;119;238;476;952;1904;3808;7616;15232;30464;60928;121856;243712;487424;974848;1949696;3899392;7798784;15597568;31195136;62390272;124780544;249561088;499122176;998244352;1996488704;3992977408;7985954816;15971909632;31943819264;63887638528;127775277056;255550554112;511101108224;135;270;540;1080;2160;4320;8640;17280;34560;69120;138240;276480;552960;1105920;2211840;4423680;8847360;17694720;35389440;70778880;141557760;283115520;566231040;1132462080;2264924160;4529848320;9059696640;18119393280;36238786560;72477573120;144955146240;289910292480;579820584960;152;304;608;1216;2432;4864;9728;19456;38912;77824;155648;311296;622592;1245184;2490368;4980736;9961472;19922944;39845888;79691776;159383552;318767104;637534208;1275068416;2550136832;5100273664;10200547328;20401094656;40802189312;81604378624;163208757248;326417514496;652835028992;170;340;680;1360;2720;5440;10880;21760;43520;87040;174080;348160;696320;1392640;2785280;5570560;11141120;22282240;44564480;89128960;178257920;356515840;713031680;1426063360;2852126720;5704253440;11408506880;22817013760;45634027520;91268055040;182536110080;365072220160;730144440320;189;378;756;1512;3024;6048;12096;24192;48384;96768;193536;387072;774144;1548288;3096576;6193152;12386304;24772608;49545216;99090432;198180864;396361728;792723456;1585446912;3170893824;6341787648;12683575296;25367150592;50734301184;101468602368;202937204736;405874409472;811748818944;209;418;836;1672;3344;6688;13376;26752;53504;107008;214016;428032;856064;1712128;3424256;6848512;13697024;27394048;54788096;109576192;219152384;438304768;876609536;1753219072;3506438144;7012876288;14025752576;28051505152;56103010304;112206020608;224412041216;448824082432;897648164864;230;460;920;1840;3680;7360;14720;29440;58880;117760;235520;471040;942080;1884160;3768320;7536640;15073280;30146560;60293120;120586240;241172480;482344960;964689920;1929379840;3858759680;7717519360;15435038720;30870077440;61740154880;123480309760;246960619520;493921239040;987842478080;252;504;1008;2016;4032;8064;16128;32256;64512;129024;258048;516096;1032192;2064384;4128768;8257536;16515072;33030144;66060288;132120576;264241152;528482304;1056964608;2113929216;4227858432;8455716864;16911433728;33822867456;67645734912;135291469824;270582939648;541165879296;1082331758592;275;550;1100;2200;4400;8800;17600;35200;70400;140800;281600;563200;1126400;2252800;4505600;9011200;18022400;36044800;72089600;144179200;288358400;576716800;1153433600;2306867200;4613734400;9227468800;18454937600;36909875200;73819750400;147639500800;295279001600;590558003200;1181116006400;299;598;1196;2392;4784;9568;19136;38272;76544;153088;306176;612352;1224704;2449408;4898816;9797632;19595264;39190528;78381056;156762112;313524224;627048448;1254096896;2508193792;5016387584;10032775168;20065550336;40131100672;80262201344;160524402688;321048805376;642097610752;1284195221504;324;648;1296;2592;5184;10368;20736;41472;82944;165888;331776;663552;1327104;2654208;5308416;10616832;21233664;42467328;84934656;169869312;339738624;679477248;1358954496;2717908992;5435817984;10871635968;21743271936;43486543872;86973087744;173946175488;347892350976;695784701952;1391569403904;350;700;1400;2800;5600;11200;22400;44800;89600;179200;358400;716800;1433600;2867200;5734400;11468800;22937600;45875200;91750400;183500800;367001600;734003200;1468006400;2936012800;5872025600;11744051200;23488102400;46976204800;93952409600;187904819200;375809638400;751619276800;1503238553600;377;754;1508;3016;6032;12064;24128;48256;96512;193024;386048;772096;1544192;3088384;6176768;12353536;24707072;49414144;98828288;197656576;395313152;790626304;1581252608;3162505216;6325010432;12650020864;25300041728;50600083456;101200166912;202400333824;404800667648;809601335296;1619202670592;405;810;1620;3240;6480;12960;25920;51840;103680;207360;414720;829440;1658880;3317760;6635520;13271040;26542080;53084160;106168320;212336640;424673280;849346560;1698693120;3397386240;6794772480;13589544960;27179089920;54358179840;108716359680;217432719360;434865438720;869730877440;1739461754880;434;868;1736;3472;6944;13888;27776;55552;111104;222208;444416;888832;1777664;3555328;7110656;14221312;28442624;56885248;113770496;227540992;455081984;910163968;1820327936;3640655872;7281311744;14562623488;29125246976;58250493952;116500987904;233001975808;466003951616;932007903232;1864015806464;464;928;1856;3712;7424;14848;29696;59392;118784;237568;475136;950272;1900544;3801088;7602176;15204352;30408704;60817408;121634816;243269632;486539264;973078528;1946157056;3892314112;7784628224;15569256448;31138512896;62277025792;124554051584;249108103168;498216206336;996432412672;1992864825344;495;990;1980;3960;7920;15840;31680;63360;126720;253440;506880;1013760;2027520;4055040;8110080;16220160;32440320;64880640;129761280;259522560;519045120;1038090240;2076180480;4152360960;8304721920;16609443840;33218887680;66437775360;132875550720;265751101440;531502202880;1063004405760;2126008811520;527;1054;2108;4216;8432;16864;33728;67456;134912;269824;539648;1079296;2158592;4317184;8634368;17268736;34537472;69074944;138149888;276299776;552599552;1105199104;2210398208;4420796416;8841592832;17683185664;35366371328;70732742656;141465485312;282930970624;565861941248;1131723882496;2263447764992;560;1120;2240;4480;8960;17920;35840;71680;143360;286720;573440;1146880;2293760;4587520;9175040;18350080;36700160;73400320;146800640;293601280;587202560;1174405120;2348810240;4697620480;9395240960;18790481920;37580963840;75161927680;150323855360;300647710720;601295421440;1202590842880;2405181685760;594;1188;2376;4752;9504;19008;38016;76032;152064;304128;608256;1216512;2433024;4866048;9732096;19464192;38928384;77856768;155713536;311427072;622854144;1245708288;2491416576;4982833152;9965666304;19931332608;39862665216;79725330432;159450660864;318901321728;637802643456;1275605286912;2551210573824;629;1258;2516;5032;10064;20128;40256;80512;161024;322048;644096;1288192;2576384;5152768;10305536;20611072;41222144;82444288;164888576;329777152;659554304;1319108608;2638217216;5276434432;10552868864;21105737728;42211475456;84422950912;168845901824;337691803648;675383607296;1350767214592;2701534429184;665;1330;2660;5320;10640;21280;42560;85120;170240;340480;680960;1361920;2723840;5447680;10895360;21790720;43581440;87162880;174325760;348651520;697303040;1394606080;2789212160;5578424320;11156848640;22313697280;44627394560;89254789120;178509578240;357019156480;714038312960;1428076625920;2856153251840;702;1404;2808;5616;11232;22464;44928;89856;179712;359424;718848;1437696;2875392;5750784;11501568;23003136;46006272;92012544;184025088;368050176;736100352;1472200704;2944401408;5888802816;11777605632;23555211264;47110422528;94220845056;188441690112;376883380224;753766760448;1507533520896;3015067041792;740;1480;2960;5920;11840;23680;47360;94720;189440;378880;757760;1515520;3031040;6062080;12124160;24248320;48496640;96993280;193986560;387973120;775946240;1551892480;3103784960;6207569920;12415139840;24830279680;49660559360;99321118720;198642237440;397284474880;794568949760;1589137899520;3178275799040;779;1558;3116;6232;12464;24928;49856;99712;199424;398848;797696;1595392;3190784;6381568;12763136;25526272;51052544;102105088;204210176;408420352;816840704;1633681408;3267362816;6534725632;13069451264;26138902528;52277805056;104555610112;209111220224;418222440448;836444880896;1672889761792;3345779523584;819;1638;3276;6552;13104;26208;52416;104832;209664;419328;838656;1677312;3354624;6709248;13418496;26836992;53673984;107347968;214695936;429391872;858783744;1717567488;3435134976;6870269952;13740539904;27481079808;54962159616;109924319232;219848638464;439697276928;879394553856;1758789107712;3517578215424;860;1720;3440;6880;13760;27520;55040;110080;220160;440320;880640;1761280;3522560;7045120;14090240;28180480;56360960;112721920;225443840;450887680;901775360;1803550720;3607101440;7214202880;14428405760;28856811520;57713623040;115427246080;230854492160;461708984320;923417968640;1846835937280;3693671874560;902;1804;3608;7216;14432;28864;57728;115456;230912;461824;923648;1847296;3694592;7389184;14778368;29556736;59113472;118226944;236453888;472907776;945815552;1891631104;3783262208;7566524416;15133048832;30266097664;60532195328;121064390656;242128781312;484257562624;968515125248;1937030250496;3874060500992;945;1890;3780;7560;15120;30240;60480;120960;241920;483840;967680;1935360;3870720;7741440;15482880;30965760;61931520;123863040;247726080;495452160;990904320;1981808640;3963617280;7927234560;15854469120;31708938240;63417876480;126835752960;253671505920;507343011840;1014686023680;2029372047360;4058744094720;989;1978;3956;7912;15824;31648;63296;126592;253184;506368;1012736;2025472;4050944;8101888;16203776;32407552;64815104;129630208;259260416;518520832;1037041664;2074083328;4148166656;8296333312;16592666624;33185333248;66370666496;132741332992;265482665984;530965331968;1061930663936;2123861327872;4247722655744;