abc
abc
abc
abc
abc
abc
abc
abc
abc
abc
abc
abc
abc
abc
abc
abc
abc
abc
abc
abc
abc
ac
ac
ac
ac
ac
ac
ac
ac
ac
ac
ac
ac
ac
ac
ac
ac
ac
ac
abbc
abbc
abbc
abbc
abbc
abbc
abbc
abbc
abbc
abbc
abbc
abbc
abbc
abbc
abbc
abbc
abbc
abbc
abbc
abbc
abbc
abbc
abbc
abbc
abbc
abbc
abbc
abbc
abbc
bbbbbbc
bbbbbbc
bbbbbbc
bbbbbbc
bbbbbbc
bbbbbbc
bbbbbbc
bbbbbbc
bbbbbbc
bbbbbbc
bbbbbbc
bbbbbbc
bbbbbbc
bbbbbbc
bbbbbbc
bbbbbbc
bbbbbbc
bbbbbbc
bbbbbbc
bbbbbbc
bbbbbbc
bbbbbbc
bbbbbbc
bbcab
bbcab
bbcab
bbcab
bbcab
bbcab
bbcab
bbcab
bbcab
bbcab
bbcab
bbcab
bbcab
bbcab
bbcab
bbcab
bbcab
bbcab
cabac
cabac
cabac
cabac
cabac
cabac
cabac
cabac
cabac
cabac
cabac
cabac
cabac
cabac
cabac
cabac
cabac
cabac
cababac
cababac
cababac
cababac
cababac
cababac
cababac
cababac
cababac
cababac
cababac
cababac
cababac
cababac
cababac
cababac
cababac
cababac
cababc
cababc
cababc
cababc
cababc
cababc
cababc
cababc
cababc
cababc
cababc
cababc
cababc
cababc
cababc
cababc
cababc
cababc
cababc
cababc
cabc
cabc
cabc
cabc
cabc
cabc
cabc
cabc
cabc
cabc
cabc
cabc
cabc
cabc
cabc
cabc
cabc
cabc
cabc
xyz
xyz
xyz
xyz
xyz
xyz
xyz
xyz
wabxczwabxczwabxczwabxczwabxczwabxczwabxczwabxczwabxczwabxczwabxczwabxczwabxczwabxczwabxczwabxczwabxczwabxczwabxczwabxczwabxczwabxczwabxczwabxczwabxczwabxczwabxczwabxczwabxczwabxczwabxczwabxczwabxczwabxczwabxczwabxczwabxczwabxczwabxczwabxczwabxczwabxczwabxczwabxczwabxczwabxczwabxczwabxczwabxczwabxczwabxczwabxczwabxczwabxczwabxczwabxczwabxczwabxczwabxczwabxczwabxczwabxczwabxczwabxczwabxczwabxczwabxczwabxczwabxczwabxczwabxczwabxczwabxczwabxczwabxczwabxczwabxczwabxczwabxczwabxczwabxczwabxczwabxczwabxczwabxczwabxczwabxczwabxczwabxczwabxczwabxczwabxczwabxczwabxczwabxczwabxczwabxczwabxczwabxczwabxczwabxczwabxczwabxczwabxczwabxczwabxczwabxczwabxczwabxczwabxczwabxczwabxczwabxczwabxczwabxczwabxczwabxczwabxczwabxczwabxczwabxczwabxczwabxczwabxczwabxczwabxczwabxczwabxczwabxczwabxczwabxczwabxczwabxczwabxczwabxczwabxczwabxczwabxczwabxczwabxczwabxczwabxczwabxczwabxczwabxczwabxczwabxczwabxczwabxczwabxczwabxczwabxczwabxczwabxczwabxczwabxczwabxczwabxczwabxczwabxczwabxczwabxczwabxczwabxczwabxczwabxczwabxczwabxczwabxczwabxczwabxczwabxczwabxczwabxczwabxczwabxczwabxczwabxczwabxczwabxczwabxczwabxczwabxczwabxczwabxczwabxczwabxczwabxczwabxczwabxczwabxczwabxczwabxczwabxczwabxczwabxczwabxczwabxczwabxczwabxczwabxczwabxczwabxczwabxczwabxczwabxczwabxczwabxczwabxczwabxczwabxczwabxczwabxczwabxczwabxczwabxczwabxczwabxczwabxczwabxcz
wabxczwabxczwabxczwabxczwabxczwabxczwabxczwabxczwabxczwabxczwabxczwabxczwabxczwabxczwabxczwabxczwabxczwabxczwabxczwabxczwabxczwabxczwabxczwabxczwabxczwabxczwabxczwabxczwabxczwabxczwabxczwabxczwabxczwabxczwabxczwabxczwabxczwabxczwabxczwabxczwabxczwabxczwabxczwabxczwabxczwabxczwabxczwabxczwabxczwabxczwabxczwabxczwabxczwabxczwabxczwabxczwabxczwabxczwabxczwabxczwabxczwabxczwabxczwabxczwabxczwabxczwabxczwabxczwabxczwabxczwabxczwabxczwabxczwabxczwabxczwabxczwabxczwabxczwabxczwabxczwabxczwabxczwabxczwabxczwabxczwabxczwabxczwabxczwabxczwabxczwabxczwabxczwabxczwabxczwabxczwabxczwabxczwabxczwabxczwabxczwabxczwabxczwabxczwabxczwabxczwabxczwabxczwabxczwabxczwabxczwabxczwabxczwabxczwabxczwabxczwabxczwabxczwabxczwabxczwabxczwabxczwabxczwabxczwabxczwabxczwabxczwabxczwabxczwabxczwabxczwabxczwabxczwabxczwabxczwabxczwabxczwabxczwabxczwabxczwabxczwabxczwabxczwabxczwabxczwabxczwabxczwabxczwabxczwabxczwabxczwabxczwabxczwabxczwabxczwabxczwabxczwabxczwabxczwabxczwabxczwabxczwabxczwabxczwabxczwabxczwabxczwabxczwabxczwabxczwabxczwabxczwabxczwabxczwabxczwabxczwabxczwabxczwabxczwabxczwabxczwabxczwabxczwabxczwabxczwabxczwabxczwabxczwabxczwabxczwabxczwabxczwabxczwabxczwabxczwabxczwabxczwabxczwabxczwabxczwabxczwabxczwabxczwabxczwabxczwabxczwabxczwabxczwabxczwabxczwabxczwabxczwabxczwabxczwabxczwabxczwabxczwabxczwabxczwabxczwabxcz
wabxczwabxczwabxczwabxczwabxczwabxczwabxczwabxczwabxczwabxczwabxczwabxczwabxczwabxczwabxczwabxczwabxczwabxczwabxczwabxczwabxczwabxczwabxczwabxczwabxczwabxczwabxczwabxczwabxczwabxczwabxczwabxczwabxczwabxczwabxczwabxczwabxczwabxczwabxczwabxczwabxczwabxczwabxczwabxczwabxczwabxczwabxczwabxczwabxczwabxczwabxczwabxczwabxczwabxczwabxczwabxczwabxczwabxczwabxczwabxczwabxczwabxczwabxczwabxczwabxczwabxczwabxczwabxczwabxczwabxczwabxczwabxczwabxczwabxczwabxczwabxczwabxczwabxczwabxczwabxczwabxczwabxczwabxczwabxczwabxczwabxczwabxczwabxczwabxczwabxczwabxczwabxczwabxczwabxczwabxczwabxczwabxczwabxczwabxczwabxczwabxczwabxczwabxczwabxczwabxczwabxczwabxczwabxczwabxczwabxczwabxczwabxczwabxczwabxczwabxczwabxczwabxczwabxczwabxczwabxczwabxczwabxczwabxczwabxczwabxczwabxczwabxczwabxczwabxczwabxczwabxczwabxczwabxczwabxczwabxczwabxczwabxczwabxczwabxczwabxczwabxczwabxczwabxczwabxczwabxczwabxczwabxczwabxczwabxczwabxczwabxczwabxczwabxczwabxczwabxczwabxczwabxczwabxczwabxczwabxczwabxczwabxczwabxczwabxczwabxczwabxczwabxczwabxczwabxczwabxczwabxczwabxczwabxczwabxczwabxczwabxczwabxczwabxczwabxczwabxczwabxczwabxczwabxczwabxczwabxczwabxczwabxczwabxczwabxczwabxczwabxczwabxczwabxczwabxczwabxczwabxczwabxczwabxczwabxczwabxczwabxczwabxczwabxczwabxczwabxczwabxczwabxczwabxczwabxczwabxczwabxczwabxczwabxczwabxczwabxczwabxczwabxczwabxczwabxczwabxcz
wabxczwabxczwabxczwabxczwabxczwabxczwabxczwabxczwabxczwabxczwabxczwabxczwabxczwabxczwabxczwabxczwabxczwabxczwabxczwabxczwabxczwabxczwabxczwabxczwabxczwabxczwabxczwabxczwabxczwabxczwabxczwabxczwabxczwabxczwabxczwabxczwabxczwabxczwabxczwabxczwabxczwabxczwabxczwabxczwabxczwabxczwabxczwabxczwabxczwabxczwabxczwabxczwabxczwabxczwabxczwabxczwabxczwabxczwabxczwabxczwabxczwabxczwabxczwabxczwabxczwabxczwabxczwabxczwabxczwabxczwabxczwabxczwabxczwabxczwabxczwabxczwabxczwabxczwabxczwabxczwabxczwabxczwabxczwabxczwabxczwabxczwabxczwabxczwabxczwabxczwabxczwabxczwabxczwabxczwabxczwabxczwabxczwabxczwabxczwabxczwabxczwabxczwabxczwabxczwabxczwabxczwabxczwabxczwabxczwabxczwabxczwabxczwabxczwabxczwabxczwabxczwabxczwabxczwabxczwabxczwabxczwabxczwabxczwabxczwabxczwabxczwabxczwabxczwabxczwabxczwabxczwabxczwabxczwabxczwabxczwabxczwabxczwabxczwabxczwabxczwabxczwabxczwabxczwabxczwabxczwabxczwabxczwabxczwabxczwabxczwabxczwabxczwabxczwabxczwabxczwabxczwabxczwabxczwabxczwabxczwabxczwabxczwabxczwabxczwabxczwabxczwabxczwabxczwabxczwabxczwabxczwabxczwabxczwabxczwabxczwabxczwabxczwabxczwabxczwabxczwabxczwabxczwabxczwabxczwabxczwabxczwabxczwabxczwabxczwabxczwabxczwabxczwabxczwabxczwabxczwabxczwabxczwabxczwabxczwabxczwabxczwabxczwabxczwabxczwabxczwabxczwabxczwabxczwabxczwabxczwabxczwabxczwabxczwabxczwabxczwabxczwabxczwabxczwabxczwabxcz
wabxczwabxczwabxczwabxczwabxczwabxczwabxczwabxczwabxczwabxczwabxczwabxczwabxczwabxczwabxczwabxczwabxczwabxczwabxczwabxczwabxczwabxczwabxczwabxczwabxczwabxczwabxczwabxczwabxczwabxczwabxczwabxczwabxczwabxczwabxczwabxczwabxczwabxczwabxczwabxczwabxczwabxczwabxczwabxczwabxczwabxczwabxczwabxczwabxczwabxczwabxczwabxczwabxczwabxczwabxczwabxczwabxczwabxczwabxczwabxczwabxczwabxczwabxczwabxczwabxczwabxczwabxczwabxczwabxczwabxczwabxczwabxczwabxczwabxczwabxczwabxczwabxczwabxczwabxczwabxczwabxczwabxczwabxczwabxczwabxczwabxczwabxczwabxczwabxczwabxczwabxczwabxczwabxczwabxczwabxczwabxczwabxczwabxczwabxczwabxczwabxczwabxczwabxczwabxczwabxczwabxczwabxczwabxczwabxczwabxczwabxczwabxczwabxczwabxczwabxczwabxczwabxczwabxczwabxczwabxczwabxczwabxczwabxczwabxczwabxczwabxczwabxczwabxczwabxczwabxczwabxczwabxczwabxczwabxczwabxczwabxczwabxczwabxczwabxczwabxczwabxczwabxczwabxczwabxczwabxczwabxczwabxczwabxczwabxczwabxczwabxczwabxczwabxczwabxczwabxczwabxczwabxczwabxczwabxczwabxczwabxczwabxczwabxczwabxczwabxczwabxczwabxczwabxczwabxczwabxczwabxczwabxczwabxczwabxczwabxczwabxczwabxczwabxczwabxczwabxczwabxczwabxczwabxczwabxczwabxczwabxczwabxczwabxczwabxczwabxczwabxczwabxczwabxczwabxczwabxczwabxczwabxczwabxczwabxczwabxczwabxczwabxczwabxczwabxczwabxczwabxczwabxczwabxczwabxczwabxczwabxczwabxczwabxczwabxczwabxczwabxczwabxczwabxczwabxczwabxcz
wabxczwabxczwabxczwabxczwabxczwabxczwabxczwabxczwabxczwabxczwabxczwabxczwabxczwabxczwabxczwabxczwabxczwabxczwabxczwabxczwabxczwabxczwabxczwabxczwabxczwabxczwabxczwabxczwabxczwabxczwabxczwabxczwabxczwabxczwabxczwabxczwabxczwabxczwabxczwabxczwabxczwabxczwabxczwabxczwabxczwabxczwabxczwabxczwabxczwabxczwabxczwabxczwabxczwabxczwabxczwabxczwabxczwabxczwabxczwabxczwabxczwabxczwabxczwabxczwabxczwabxczwabxczwabxczwabxczwabxczwabxczwabxczwabxczwabxczwabxczwabxczwabxczwabxczwabxczwabxczwabxczwabxczwabxczwabxczwabxczwabxczwabxczwabxczwabxczwabxczwabxczwabxczwabxczwabxczwabxczwabxczwabxczwabxczwabxczwabxczwabxczwabxczwabxczwabxczwabxczwabxczwabxczwabxczwabxczwabxczwabxczwabxczwabxczwabxczwabxczwabxczwabxczwabxczwabxczwabxczwabxczwabxczwabxczwabxczwabxczwabxczwabxczwabxczwabxczwabxczwabxczwabxczwabxczwabxczwabxczwabxczwabxczwabxczwabxczwabxczwabxczwabxczwabxczwabxczwabxczwabxczwabxczwabxczwabxczwabxczwabxczwabxczwabxczwabxczwabxczwabxczwabxczwabxczwabxczwabxczwabxczwabxczwabxczwabxczwabxczwabxczwabxczwabxczwabxczwabxczwabxczwabxczwabxczwabxczwabxczwabxczwabxczwabxczwabxczwabxczwabxczwabxczwabxczwabxczwabxczwabxczwabxczwabxczwabxczwabxczwabxczwabxczwabxczwabxczwabxczwabxczwabxczwabxczwabxczwabxczwabxczwabxczwabxczwabxczwabxczwabxczwabxczwabxczwabxczwabxczwabxczwabxczwabxczwabxczwabxczwabxczwabxczwabxczwabxczwabxcz
wabxczwabxczwabxczwabxczwabxczwabxczwabxczwabxczwabxczwabxczwabxczwabxczwabxczwabxczwabxczwabxczwabxczwabxczwabxczwabxczwabxczwabxczwabxczwabxczwabxczwabxczwabxczwabxczwabxczwabxczwabxczwabxczwabxczwabxczwabxczwabxczwabxczwabxczwabxczwabxczwabxczwabxczwabxczwabxczwabxczwabxczwabxczwabxczwabxczwabxczwabxczwabxczwabxczwabxczwabxczwabxczwabxczwabxczwabxczwabxczwabxczwabxczwabxczwabxczwabxczwabxczwabxczwabxczwabxczwabxczwabxczwabxczwabxczwabxczwabxczwabxczwabxczwabxczwabxczwabxczwabxczwabxczwabxczwabxczwabxczwabxczwabxczwabxczwabxczwabxczwabxczwabxczwabxczwabxczwabxczwabxczwabxczwabxczwabxczwabxczwabxczwabxczwabxczwabxczwabxczwabxczwabxczwabxczwabxczwabxczwabxczwabxczwabxczwabxczwabxczwabxczwabxczwabxczwabxczwabxczwabxczwabxczwabxczwabxczwabxczwabxczwabxczwabxczwabxczwabxczwabxczwabxczwabxczwabxczwabxczwabxczwabxczwabxczwabxczwabxczwabxczwabxczwabxczwabxczwabxczwabxczwabxczwabxczwabxczwabxczwabxczwabxczwabxczwabxczwabxczwabxczwabxczwabxczwabxczwabxczwabxczwabxczwabxczwabxczwabxczwabxczwabxczwabxczwabxczwabxczwabxczwabxczwabxczwabxczwabxczwabxczwabxczwabxczwabxczwabxczwabxczwabxczwabxczwabxczwabxczwabxczwabxczwabxczwabxczwabxczwabxczwabxczwabxczwabxczwabxczwabxczwabxczwabxczwabxczwabxczwabxczwabxczwabxczwabxczwabxczwabxczwabxczwabxczwabxczwabxczwabxczwabxczwabxczwabxczwabxczwabxczwabxczwabxczwabxczwabxcz
wabxczwabxczwabxczwabxczwabxczwabxczwabxczwabxczwabxczwabxczwabxczwabxczwabxczwabxczwabxczwabxczwabxczwabxczwabxczwabxczwabxczwabxczwabxczwabxczwabxczwabxczwabxczwabxczwabxczwabxczwabxczwabxczwabxczwabxczwabxczwabxczwabxczwabxczwabxczwabxczwabxczwabxczwabxczwabxczwabxczwabxczwabxczwabxczwabxczwabxczwabxczwabxczwabxczwabxczwabxczwabxczwabxczwabxczwabxczwabxczwabxczwabxczwabxczwabxczwabxczwabxczwabxczwabxczwabxczwabxczwabxczwabxczwabxczwabxczwabxczwabxczwabxczwabxczwabxczwabxczwabxczwabxczwabxczwabxczwabxczwabxczwabxczwabxczwabxczwabxczwabxczwabxczwabxczwabxczwabxczwabxczwabxczwabxczwabxczwabxczwabxczwabxczwabxczwabxczwabxczwabxczwabxczwabxczwabxczwabxczwabxczwabxczwabxczwabxczwabxczwabxczwabxczwabxczwabxczwabxczwabxczwabxczwabxczwabxczwabxczwabxczwabxczwabxczwabxczwabxczwabxczwabxczwabxczwabxczwabxczwabxczwabxczwabxczwabxczwabxczwabxczwabxczwabxczwabxczwabxczwabxczwabxczwabxczwabxczwabxczwabxczwabxczwabxczwabxczwabxczwabxczwabxczwabxczwabxczwabxczwabxczwabxczwabxczwabxczwabxczwabxczwabxczwabxczwabxczwabxczwabxczwabxczwabxczwabxczwabxczwabxczwabxczwabxczwabxczwabxczwabxczwabxczwabxczwabxczwabxczwabxczwabxczwabxczwabxczwabxczwabxczwabxczwabxczwabxczwabxczwabxczwabxczwabxczwabxczwabxczwabxczwabxczwabxczwabxczwabxczwabxczwabxczwabxczwabxczwabxczwabxczwabxczwabxczwabxczwabxczwabxczwabxczwabxczwabxczwabxcz
wabxczwabxczwabxczwabxczwabxczwabxczwabxczwabxczwabxczwabxczwabxczwabxczwabxczwabxczwabxczwabxczwabxczwabxczwabxczwabxczwabxczwabxczwabxczwabxczwabxczwabxczwabxczwabxczwabxczwabxczwabxczwabxczwabxczwabxczwabxczwabxczwabxczwabxczwabxczwabxczwabxczwabxczwabxczwabxczwabxczwabxczwabxczwabxczwabxczwabxczwabxczwabxczwabxczwabxczwabxczwabxczwabxczwabxczwabxczwabxczwabxczwabxczwabxczwabxczwabxczwabxczwabxczwabxczwabxczwabxczwabxczwabxczwabxczwabxczwabxczwabxczwabxczwabxczwabxczwabxczwabxczwabxczwabxczwabxczwabxczwabxczwabxczwabxczwabxczwabxczwabxczwabxczwabxczwabxczwabxczwabxczwabxczwabxczwabxczwabxczwabxczwabxczwabxczwabxczwabxczwabxczwabxczwabxczwabxczwabxczwabxczwabxczwabxczwabxczwabxczwabxczwabxczwabxczwabxczwabxczwabxczwabxczwabxczwabxczwabxczwabxczwabxczwabxczwabxczwabxczwabxczwabxczwabxczwabxczwabxczwabxczwabxczwabxczwabxczwabxczwabxczwabxczwabxczwabxczwabxczwabxczwabxczwabxczwabxczwabxczwabxczwabxczwabxczwabxczwabxczwabxczwabxczwabxczwabxczwabxczwabxczwabxczwabxczwabxczwabxczwabxczwabxczwabxczwabxczwabxczwabxczwabxczwabxczwabxczwabxczwabxczwabxczwabxczwabxczwabxczwabxczwabxczwabxczwabxczwabxczwabxczwabxczwabxczwabxczwabxczwabxczwabxczwabxczwabxczwabxczwabxczwabxczwabxczwabxczwabxczwabxczwabxczwabxczwabxczwabxczwabxczwabxczwabxczwabxczwabxczwabxczwabxczwabxczwabxczwabxczwabxczwabxczwabxczwabxczwabxcz
wabxczwabxczwabxczwabxczwabxczwabxczwabxczwabxczwabxczwabxczwabxczwabxczwabxczwabxczwabxczwabxczwabxczwabxczwabxczwabxczwabxczwabxczwabxczwabxczwabxczwabxczwabxczwabxczwabxczwabxczwabxczwabxczwabxczwabxczwabxczwabxczwabxczwabxczwabxczwabxczwabxczwabxczwabxczwabxczwabxczwabxczwabxczwabxczwabxczwabxczwabxczwabxczwabxczwabxczwabxczwabxczwabxczwabxczwabxczwabxczwabxczwabxczwabxczwabxczwabxczwabxczwabxczwabxczwabxczwabxczwabxczwabxczwabxczwabxczwabxczwabxczwabxczwabxczwabxczwabxczwabxczwabxczwabxczwabxczwabxczwabxczwabxczwabxczwabxczwabxczwabxczwabxczwabxczwabxczwabxczwabxczwabxczwabxczwabxczwabxczwabxczwabxczwabxczwabxczwabxczwabxczwabxczwabxczwabxczwabxczwabxczwabxczwabxczwabxczwabxczwabxczwabxczwabxczwabxczwabxczwabxczwabxczwabxczwabxczwabxczwabxczwabxczwabxczwabxczwabxczwabxczwabxczwabxczwabxczwabxczwabxczwabxczwabxczwabxczwabxczwabxczwabxczwabxczwabxczwabxczwabxczwabxczwabxczwabxczwabxczwabxczwabxczwabxczwabxczwabxczwabxczwabxczwabxczwabxczwabxczwabxczwabxczwabxczwabxczwabxczwabxczwabxczwabxczwabxczwabxczwabxczwabxczwabxczwabxczwabxczwabxczwabxczwabxczwabxczwabxczwabxczwabxczwabxczwabxczwabxczwabxczwabxczwabxczwabxczwabxczwabxczwabxczwabxczwabxczwabxczwabxczwabxczwabxczwabxczwabxczwabxczwabxczwabxczwabxczwabxczwabxczwabxczwabxczwabxczwabxczwabxczwabxczwabxczwabxczwabxczwabxczwabxczwabxczwabxczwabxcz
wabxczwabxczwabxczwabxczwabxczwabxczwabxczwabxczwabxczwabxczwabxczwabxczwabxczwabxczwabxczwabxczwabxczwabxczwabxczwabxczwabxczwabxczwabxczwabxczwabxczwabxczwabxczwabxczwabxczwabxczwabxczwabxczwabxczwabxczwabxczwabxczwabxczwabxczwabxczwabxczwabxczwabxczwabxczwabxczwabxczwabxczwabxczwabxczwabxczwabxczwabxczwabxczwabxczwabxczwabxczwabxczwabxczwabxczwabxczwabxczwabxczwabxczwabxczwabxczwabxczwabxczwabxczwabxczwabxczwabxczwabxczwabxczwabxczwabxczwabxczwabxczwabxczwabxczwabxczwabxczwabxczwabxczwabxczwabxczwabxczwabxczwabxczwabxczwabxczwabxczwabxczwabxczwabxczwabxczwabxczwabxczwabxczwabxczwabxczwabxczwabxczwabxczwabxczwabxczwabxczwabxczwabxczwabxczwabxczwabxczwabxczwabxczwabxczwabxczwabxczwabxczwabxczwabxczwabxczwabxczwabxczwabxczwabxczwabxczwabxczwabxczwabxczwabxczwabxczwabxczwabxczwabxczwabxczwabxczwabxczwabxczwabxczwabxczwabxczwabxczwabxczwabxczwabxczwabxczwabxczwabxczwabxczwabxczwabxczwabxczwabxczwabxczwabxczwabxczwabxczwabxczwabxczwabxczwabxczwabxczwabxczwabxczwabxczwabxczwabxczwabxczwabxczwabxczwabxczwabxczwabxczwabxczwabxczwabxczwabxczwabxczwabxczwabxczwabxczwabxczwabxczwabxczwabxczwabxczwabxczwabxczwabxczwabxczwabxczwabxczwabxczwabxczwabxczwabxczwabxczwabxczwabxczwabxczwabxczwabxczwabxczwabxczwabxczwabxczwabxczwabxczwabxczwabxczwabxczwabxczwabxczwabxczwabxczwabxczwabxczwabxczwabxczwabxczwabxczwabxcz
wabxczwabxczwabxczwabxczwabxczwabxczwabxczwabxczwabxczwabxczwabxczwabxczwabxczwabxczwabxczwabxczwabxczwabxczwabxczwabxczwabxczwabxczwabxczwabxczwabxczwabxczwabxczwabxczwabxczwabxczwabxczwabxczwabxczwabxczwabxczwabxczwabxczwabxczwabxczwabxczwabxczwabxczwabxczwabxczwabxczwabxczwabxczwabxczwabxczwabxczwabxczwabxczwabxczwabxczwabxczwabxczwabxczwabxczwabxczwabxczwabxczwabxczwabxczwabxczwabxczwabxczwabxczwabxczwabxczwabxczwabxczwabxczwabxczwabxczwabxczwabxczwabxczwabxczwabxczwabxczwabxczwabxczwabxczwabxczwabxczwabxczwabxczwabxczwabxczwabxczwabxczwabxczwabxczwabxczwabxczwabxczwabxczwabxczwabxczwabxczwabxczwabxczwabxczwabxczwabxczwabxczwabxczwabxczwabxczwabxczwabxczwabxczwabxczwabxczwabxczwabxczwabxczwabxczwabxczwabxczwabxczwabxczwabxczwabxczwabxczwabxczwabxczwabxczwabxczwabxczwabxczwabxczwabxczwabxczwabxczwabxczwabxczwabxczwabxczwabxczwabxczwabxczwabxczwabxczwabxczwabxczwabxczwabxczwabxczwabxczwabxczwabxczwabxczwabxczwabxczwabxczwabxczwabxczwabxczwabxczwabxczwabxczwabxczwabxczwabxczwabxczwabxczwabxczwabxczwabxczwabxczwabxczwabxczwabxczwabxczwabxczwabxczwabxczwabxczwabxczwabxczwabxczwabxczwabxczwabxczwabxczwabxczwabxczwabxczwabxczwabxczwabxczwabxczwabxczwabxczwabxczwabxczwabxczwabxczwabxczwabxczwabxczwabxczwabxczwabxczwabxczwabxczwabxczwabxczwabxczwabxczwabxczwabxczwabxczwabxczwabxczwabxczwabxczwabxczwabxcz
wabxczwabxczwabxczwabxczwabxczwabxczwabxczwabxczwabxczwabxczwabxczwabxczwabxczwabxczwabxczwabxczwabxczwabxczwabxczwabxczwabxczwabxczwabxczwabxczwabxczwabxczwabxczwabxczwabxczwabxczwabxczwabxczwabxczwabxczwabxczwabxczwabxczwabxczwabxczwabxczwabxczwabxczwabxczwabxczwabxczwabxczwabxczwabxczwabxczwabxczwabxczwabxczwabxczwabxczwabxczwabxczwabxczwabxczwabxczwabxczwabxczwabxczwabxczwabxczwabxczwabxczwabxczwabxczwabxczwabxczwabxczwabxczwabxczwabxczwabxczwabxczwabxczwabxczwabxczwabxczwabxczwabxczwabxczwabxczwabxczwabxczwabxczwabxczwabxczwabxczwabxczwabxczwabxczwabxczwabxczwabxczwabxczwabxczwabxczwabxczwabxczwabxczwabxczwabxczwabxczwabxczwabxczwabxczwabxczwabxczwabxczwabxczwabxczwabxczwabxczwabxczwabxczwabxczwabxczwabxczwabxczwabxczwabxczwabxczwabxczwabxczwabxczwabxczwabxczwabxczwabxczwabxczwabxczwabxczwabxczwabxczwabxczwabxczwabxczwabxczwabxczwabxczwabxczwabxczwabxczwabxczwabxczwabxczwabxczwabxczwabxczwabxczwabxczwabxczwabxczwabxczwabxczwabxczwabxczwabxczwabxczwabxczwabxczwabxczwabxczwabxczwabxczwabxczwabxczwabxczwabxczwabxczwabxczwabxczwabxczwabxczwabxczwabxczwabxczwabxczwabxczwabxczwabxczwabxczwabxczwabxczwabxczwabxczwabxczwabxczwabxczwabxczwabxczwabxczwabxczwabxczwabxczwabxczwabxczwabxczwabxczwabxczwabxczwabxczwabxczwabxczwabxczwabxczwabxczwabxczwabxczwabxczwabxczwabxczwabxczwabxczwabxczwabxczwabxczwabxcz
wabxczwabxczwabxczwabxczwabxczwabxczwabxczwabxczwabxczwabxczwabxczwabxczwabxczwabxczwabxczwabxczwabxczwabxczwabxczwabxczwabxczwabxczwabxczwabxczwabxczwabxczwabxczwabxczwabxczwabxczwabxczwabxczwabxczwabxczwabxczwabxczwabxczwabxczwabxczwabxczwabxczwabxczwabxczwabxczwabxczwabxczwabxczwabxczwabxczwabxczwabxczwabxczwabxczwabxczwabxczwabxczwabxczwabxczwabxczwabxczwabxczwabxczwabxczwabxczwabxczwabxczwabxczwabxczwabxczwabxczwabxczwabxczwabxczwabxczwabxczwabxczwabxczwabxczwabxczwabxczwabxczwabxczwabxczwabxczwabxczwabxczwabxczwabxczwabxczwabxczwabxczwabxczwabxczwabxczwabxczwabxczwabxczwabxczwabxczwabxczwabxczwabxczwabxczwabxczwabxczwabxczwabxczwabxczwabxczwabxczwabxczwabxczwabxczwabxczwabxczwabxczwabxczwabxczwabxczwabxczwabxczwabxczwabxczwabxczwabxczwabxczwabxczwabxczwabxczwabxczwabxczwabxczwabxczwabxczwabxczwabxczwabxczwabxczwabxczwabxczwabxczwabxczwabxczwabxczwabxczwabxczwabxczwabxczwabxczwabxczwabxczwabxczwabxczwabxczwabxczwabxczwabxczwabxczwabxczwabxczwabxczwabxczwabxczwabxczwabxczwabxczwabxczwabxczwabxczwabxczwabxczwabxczwabxczwabxczwabxczwabxczwabxczwabxczwabxczwabxczwabxczwabxczwabxczwabxczwabxczwabxczwabxczwabxczwabxczwabxczwabxczwabxczwabxczwabxczwabxczwabxczwabxczwabxczwabxczwabxczwabxczwabxczwabxczwabxczwabxczwabxczwabxczwabxczwabxczwabxczwabxczwabxczwabxczwabxczwabxczwabxczwabxczwabxczwabxczwabxcz
qwertyqwertyqwertyqwerty
qwertyqwertyqwertyqwerty
qwertyqwertyqwertyqwerty
qwertyqwertyqwertyqwerty
qwertyqwertyqwertyqwerty
qwertyqwertyqwertyqwerty
qwertyqwertyqwertyqwerty
qwertyqwertyqwertyqwerty
qwertyqwertyqwertyqwerty
